duser@bmsce-Precision-T1700:~/Desktop$ start-all.sh 
This script is Deprecated. Instead use start-dfs.sh and start-yarn.sh
Starting namenodes on [localhost]
hduser@localhost's password: 
localhost: starting namenode, logging to /usr/local/hadoop/logs/hadoop-hduser-namenode-bmsce-Precision-T1700.out
hduser@localhost's password: 
localhost: starting datanode, logging to /usr/local/hadoop/logs/hadoop-hduser-datanode-bmsce-Precision-T1700.out
Starting secondary namenodes [0.0.0.0]
hduser@0.0.0.0's password: 
0.0.0.0: starting secondarynamenode, logging to /usr/local/hadoop/logs/hadoop-hduser-secondarynamenode-bmsce-Precision-T1700.out
starting yarn daemons
starting resourcemanager, logging to /usr/local/hadoop/logs/yarn-hduser-resourcemanager-bmsce-Precision-T1700.out
hduser@localhost's password: 
localhost: starting nodemanager, logging to /usr/local/hadoop/logs/yarn-hduser-nodemanager-bmsce-Precision-T1700.out
hduser@bmsce-Precision-T1700:~/Desktop$ jps 
8353 Jps
7523 DataNode
7348 NameNode
8231 NodeManager
7898 ResourceManager
7739 SecondaryNameNode
hduser@bmsce-Precision-T1700:~/Desktop$ hdfs dfs -mkdir /abc
hduser@bmsce-Precision-T1700:~/Desktop$ hdfs dfs -ls 
ls: `.': No such file or directory
hduser@bmsce-Precision-T1700:~/Desktop$ hdfs dfs -ls /
Found 11 items
drwxr-xr-x   - hduser supergroup          0 2022-06-04 09:35 /abc
drwxr-xr-x   - hduser supergroup          0 2022-06-03 15:14 /chi
drwxr-xr-x   - hduser supergroup          0 2022-06-01 15:10 /hadooplab
drwxr-xr-x   - hduser supergroup          0 2022-06-01 15:11 /neha
drwxr-xr-x   - hduser supergroup          0 2022-05-31 10:28 /sam
drwxr-xr-x   - hduser supergroup          0 2022-05-31 10:13 /samarth
drwxr-xr-x   - hduser supergroup          0 2022-06-03 12:41 /saquib
drwxr-xr-x   - hduser supergroup          0 2019-10-24 11:12 /shik
drwxrwxr-x   - hduser supergroup          0 2019-08-01 16:19 /tmp
drwxr-xr-x   - hduser supergroup          0 2019-08-01 16:03 /user
drwxr-xr-x   - hduser supergroup          0 2022-06-01 10:10 /vag
hduser@bmsce-Precision-T1700:~/Desktop$ hdfs dfs -put /home/hduser/Desktop/Welcome.txt /abc/WC.txt
put: `/home/hduser/Desktop/Welcome.txt': No such file or directory
hduser@bmsce-Precision-T1700:~/Desktop$ hdfs dfs -put /home/hduser/Desktop/Welcome.txt /abc/ruby.txt
put: `/home/hduser/Desktop/Welcome.txt': No such file or directory
hduser@bmsce-Precision-T1700:~/Desktop$ hdfs dfs -put /home/hduser/Desktop/ruby.txt /abc/ruby.txt
put: `/home/hduser/Desktop/ruby.txt': No such file or directory
hduser@bmsce-Precision-T1700:~/Desktop$ hdfs dfs -put /home/hduser/Desktop/ruby.txt /abc/ruby.txt
put: `/home/hduser/Desktop/ruby.txt': No such file or directory
hduser@bmsce-Precision-T1700:~/Desktop$ hadoop dfs  -put /home/hduser/Desktop/Welcome.txt /abc/ruby.txt
DEPRECATED: Use of this script to execute hdfs command is deprecated.
Instead use the hdfs command for it.

put: `/home/hduser/Desktop/Welcome.txt': No such file or directory
hduser@bmsce-Precision-T1700:~/Desktop$ sudo nano ruby.txt 
[sudo] password for hduser: 
hduser@bmsce-Precision-T1700:~/Desktop$ hadoop dfs  -put /home/hduser/Desktop/Welcome.txt /abc/ruby.txt
DEPRECATED: Use of this script to execute hdfs command is deprecated.
Instead use the hdfs command for it.

put: `/home/hduser/Desktop/Welcome.txt': No such file or directory
hduser@bmsce-Precision-T1700:~/Desktop$ hdfs dfs  -put /home/hduser/Desktop/ruby.txt /abc/ruby.txt
hduser@bmsce-Precision-T1700:~/Desktop$ hdfs dfs  -copyfromlocal /home/hduser/Desktop/ruby.txt /abc/ruby.txt
-copyfromlocal: Unknown command
hduser@bmsce-Precision-T1700:~/Desktop$ hadoop dfs  -copyfromlocal /home/hduser/Desktop/ruby.txt /abc/ruby.txt
DEPRECATED: Use of this script to execute hdfs command is deprecated.
Instead use the hdfs command for it.

-copyfromlocal: Unknown command
hduser@bmsce-Precision-T1700:~/Desktop$ hdfs dfs  -copyfromLocal /home/hduser/Desktop/ruby.txt /abc/ruby.txt
-copyfromLocal: Unknown command
hduser@bmsce-Precision-T1700:~/Desktop$ hadoop dfs  -copyFromlocal /home/hduser/Desktop/ruby.txt /abc/ruby.txt
DEPRECATED: Use of this script to execute hdfs command is deprecated.
Instead use the hdfs command for it.

-copyFromlocal: Unknown command
hduser@bmsce-Precision-T1700:~/Desktop$ hdfs dfs  -copyFromlocal /home/hduser/Desktop/ruby.txt /abc/ruby.txt
-copyFromlocal: Unknown command
hduser@bmsce-Precision-T1700:~/Desktop$ hdfs dfs-copyFromLocal /home/hduser/Desktop/ruby.txt /abc/ruby.txt
Error: Could not find or load main class dfs-copyFromLocal
hduser@bmsce-Precision-T1700:~/Desktop$ hdfs dfs-copyFromLocal /home/hduser/Desktop/abc/ruby.txt
Error: Could not find or load main class dfs-copyFromLocal
hduser@bmsce-Precision-T1700:~/Desktop$ hdfs dfs-copyFromLocal /home/hduser/Desktop/ruby.txt /abc/ruby.txt
Error: Could not find or load main class dfs-copyFromLocal
hduser@bmsce-Precision-T1700:~/Desktop$ hadoop dfs -copyFromLocal ruby.txt/abc
DEPRECATED: Use of this script to execute hdfs command is deprecated.
Instead use the hdfs command for it.

copyFromLocal: `.': No such file or directory
hduser@bmsce-Precision-T1700:~/Desktop$ hadoop fs -copyFromLocal ruby.txt/abc
copyFromLocal: `.': No such file or directory
hduser@bmsce-Precision-T1700:~/Desktop$ hadoop fs -copyFromLocal ruby.txt /abc
copyFromLocal: `/abc/ruby.txt': File exists
hduser@bmsce-Precision-T1700:~/Desktop$ hadoop fs -get ruby.txt /abc
get: `ruby.txt': No such file or directory
hduser@bmsce-Precision-T1700:~/Desktop$ hdfs dfs  -gett /home/hduser/Desktop/ruby.txt /abc/ruby.txt
-gett: Unknown command
hduser@bmsce-Precision-T1700:~/Desktop$ hdfs dfs  -get /home/hduser/Desktop/ruby.txt /abc/ruby.txt
get: `/abc/ruby.txt': No such file or directory
hduser@bmsce-Precision-T1700:~/Desktop$ hdfs dfs  -get /home/hduser/Desktop/ruby.txt /abc/ruby.txt
get: `/abc/ruby.txt': No such file or directory
hduser@bmsce-Precision-T1700:~/Desktop$ hdfs dfs  -get /home/hduser/Desktop/ruby.txt /abc/ruby.txt
get: `/abc/ruby.txt': No such file or directory
hduser@bmsce-Precision-T1700:~/Desktop$ hdfs dfs  -get /home/hduser/Desktop/ruby.txt /abc/ruby.txt
get: `/abc/ruby.txt': No such file or directory
hduser@bmsce-Precision-T1700:~/Desktop$ hdfs dfs  -get /home/hduser/Desktop/ruby.txt /abc/ruby.txt
get: `/abc/ruby.txt': No such file or directory
hduser@bmsce-Precision-T1700:~/Desktop$ hdfs dfs  -get /home/hduser/Desktop/ruby.txt /abc/ruby.txt/
get: `/abc/ruby.txt/': No such file or directory
hduser@bmsce-Precision-T1700:~/Desktop$ hdfs dfs  -get /home/hduser/Desktop/ruby.txt /abc/ruby.txt/
get: `/abc/ruby.txt/': No such file or directory
hduser@bmsce-Precision-T1700:~/Desktop$ hdfs dfs -get /abc/ruby.txt /home/hduser/Desktop/ruby.txt
get: `/home/hduser/Desktop/ruby.txt': File exists
hduser@bmsce-Precision-T1700:~/Desktop$ hdfs dfs -copyToLocal /abc/ruby.txt /home/hduser/Desktop
copyToLocal: `/home/hduser/Desktop/ruby.txt': File exists
hduser@bmsce-Precision-T1700:~/Desktop$ hdfs dfs -copyToLocal /abc/ruby.txt /home/hduser/Desktop
copyToLocal: `/home/hduser/Desktop/ruby.txt': File exists
hduser@bmsce-Precision-T1700:~/Desktop$ hadoop fs -mv /abc /RUBIANA
hduser@bmsce-Precision-T1700:~/Desktop$ hadoop fs -ls /RUBIANA 
Found 1 items
-rw-r--r--   1 hduser supergroup         21 2022-06-04 09:50 /RUBIANA/ruby.txt
hduser@bmsce-Precision-T1700:~/Desktop$ hadoop fs -cp /abc/paul
-cp: Not enough arguments: expected 2 but got 1
Usage: hadoop fs [generic options] -cp [-f] [-p | -p[topax]] <src> ... <dst>
hduser@bmsce-Precision-T1700:~/Desktop$ hadoop fs -cp /ruby/  /paul
cp: `/ruby/': No such file or directory
hduser@bmsce-Precision-T1700:~/Desktop$ hadoop fs -cp /RUBIANA/  /paul
hduser@bmsce-Precision-T1700:~/Desktop$ hadoop fs -ls
ls: `.': No such file or directory
hduser@bmsce-Precision-T1700:~/Desktop$ hadoop fs -ls /paul
Found 1 items
-rw-r--r--   1 hduser supergroup         21 2022-06-04 10:24 /paul/ruby.txt
hduser@bmsce-Precision-T1700:~/Desktop$ 

